start 2026-09-03T18:54:52+00:00 loadavg 8.95 7.22 3.88
== A : baseline  loadavg 1.03
ERROR:subsequence.midi_utils:MIDI output device 'NO-SUCH-DEVICE-XYZ' not found. Available devices: ['Midi Through:Midi Through Port-0 14:0']
== A : ws-thread --rate 5  loadavg 0.85
ERROR:subsequence.midi_utils:MIDI output device 'NO-SUCH-DEVICE-XYZ' not found. Available devices: ['Midi Through:Midi Through Port-0 14:0']
== A : ws-coalesce --rate 5  loadavg 0.77
ERROR:subsequence.midi_utils:MIDI output device 'NO-SUCH-DEVICE-XYZ' not found. Available devices: ['Midi Through:Midi Through Port-0 14:0']
== A : ws-drain-beat --rate 5  loadavg 0.53
ERROR:subsequence.midi_utils:MIDI output device 'NO-SUCH-DEVICE-XYZ' not found. Available devices: ['Midi Through:Midi Through Port-0 14:0']
== A : ws-thread --rate 25  loadavg 0.59
ERROR:subsequence.midi_utils:MIDI output device 'NO-SUCH-DEVICE-XYZ' not found. Available devices: ['Midi Through:Midi Through Port-0 14:0']
== A : ws-coalesce --rate 25  loadavg 0.62
ERROR:subsequence.midi_utils:MIDI output device 'NO-SUCH-DEVICE-XYZ' not found. Available devices: ['Midi Through:Midi Through Port-0 14:0']
== A : ws-drain-beat --rate 25  loadavg 0.57
ERROR:subsequence.midi_utils:MIDI output device 'NO-SUCH-DEVICE-XYZ' not found. Available devices: ['Midi Through:Midi Through Port-0 14:0']
== A : ws-thread --rate 50  loadavg 0.77
ERROR:subsequence.midi_utils:MIDI output device 'NO-SUCH-DEVICE-XYZ' not found. Available devices: ['Midi Through:Midi Through Port-0 14:0']
== A : ws-coalesce --rate 50  loadavg 0.82
ERROR:subsequence.midi_utils:MIDI output device 'NO-SUCH-DEVICE-XYZ' not found. Available devices: ['Midi Through:Midi Through Port-0 14:0']
== A : ws-drain-beat --rate 50  loadavg 0.59
ERROR:subsequence.midi_utils:MIDI output device 'NO-SUCH-DEVICE-XYZ' not found. Available devices: ['Midi Through:Midi Through Port-0 14:0']
== A : ws-thread --rate 200  loadavg 0.39
ERROR:subsequence.midi_utils:MIDI output device 'NO-SUCH-DEVICE-XYZ' not found. Available devices: ['Midi Through:Midi Through Port-0 14:0']
== A : ws-coalesce --rate 200  loadavg 0.40
ERROR:subsequence.midi_utils:MIDI output device 'NO-SUCH-DEVICE-XYZ' not found. Available devices: ['Midi Through:Midi Through Port-0 14:0']
== A : ws-thread --rate 500  loadavg 0.37
ERROR:subsequence.midi_utils:MIDI output device 'NO-SUCH-DEVICE-XYZ' not found. Available devices: ['Midi Through:Midi Through Port-0 14:0']
== A : ws-coalesce --rate 500  loadavg 0.70
ERROR:subsequence.midi_utils:MIDI output device 'NO-SUCH-DEVICE-XYZ' not found. Available devices: ['Midi Through:Midi Through Port-0 14:0']
== A : ws-thread --burst 16 --burst-period 1.0  loadavg 0.69
ERROR:subsequence.midi_utils:MIDI output device 'NO-SUCH-DEVICE-XYZ' not found. Available devices: ['Midi Through:Midi Through Port-0 14:0']
== A : ws-coalesce --burst 16 --burst-period 1.0  loadavg 0.56
ERROR:subsequence.midi_utils:MIDI output device 'NO-SUCH-DEVICE-XYZ' not found. Available devices: ['Midi Through:Midi Through Port-0 14:0']
== A : ws-thread --burst 128 --burst-period 2.0  loadavg 0.52
ERROR:subsequence.midi_utils:MIDI output device 'NO-SUCH-DEVICE-XYZ' not found. Available devices: ['Midi Through:Midi Through Port-0 14:0']
== A : ws-coalesce --burst 128 --burst-period 2.0  loadavg 0.41
ERROR:subsequence.midi_utils:MIDI output device 'NO-SUCH-DEVICE-XYZ' not found. Available devices: ['Midi Through:Midi Through Port-0 14:0']
== A : ws-drain-beat --burst 128 --burst-period 2.0  loadavg 0.27
ERROR:subsequence.midi_utils:MIDI output device 'NO-SUCH-DEVICE-XYZ' not found. Available devices: ['Midi Through:Midi Through Port-0 14:0']
== A : baseline  loadavg 0.38
ERROR:subsequence.midi_utils:MIDI output device 'NO-SUCH-DEVICE-XYZ' not found. Available devices: ['Midi Through:Midi Through Port-0 14:0']
== B : baseline  loadavg 0.42
ERROR:subsequence.midi_utils:MIDI output device 'NO-SUCH-DEVICE-XYZ' not found. Available devices: ['Midi Through:Midi Through Port-0 14:0']
== B : ws-thread --rate 5  loadavg 0.52
ERROR:subsequence.midi_utils:MIDI output device 'NO-SUCH-DEVICE-XYZ' not found. Available devices: ['Midi Through:Midi Through Port-0 14:0']
== B : ws-coalesce --rate 5  loadavg 0.60
ERROR:subsequence.midi_utils:MIDI output device 'NO-SUCH-DEVICE-XYZ' not found. Available devices: ['Midi Through:Midi Through Port-0 14:0']
== B : ws-thread --rate 25  loadavg 0.50
ERROR:subsequence.midi_utils:MIDI output device 'NO-SUCH-DEVICE-XYZ' not found. Available devices: ['Midi Through:Midi Through Port-0 14:0']
== B : ws-coalesce --rate 25  loadavg 0.50
ERROR:subsequence.midi_utils:MIDI output device 'NO-SUCH-DEVICE-XYZ' not found. Available devices: ['Midi Through:Midi Through Port-0 14:0']
== B : ws-drain-beat --rate 25  loadavg 0.43
ERROR:subsequence.midi_utils:MIDI output device 'NO-SUCH-DEVICE-XYZ' not found. Available devices: ['Midi Through:Midi Through Port-0 14:0']
== B : ws-thread --rate 50  loadavg 0.35
ERROR:subsequence.midi_utils:MIDI output device 'NO-SUCH-DEVICE-XYZ' not found. Available devices: ['Midi Through:Midi Through Port-0 14:0']
== B : ws-coalesce --rate 50  loadavg 0.32
ERROR:subsequence.midi_utils:MIDI output device 'NO-SUCH-DEVICE-XYZ' not found. Available devices: ['Midi Through:Midi Through Port-0 14:0']
== B : ws-thread --burst 128 --burst-period 2.0  loadavg 0.34
ERROR:subsequence.midi_utils:MIDI output device 'NO-SUCH-DEVICE-XYZ' not found. Available devices: ['Midi Through:Midi Through Port-0 14:0']
== B : ws-coalesce --burst 128 --burst-period 2.0  loadavg 0.45
ERROR:subsequence.midi_utils:MIDI output device 'NO-SUCH-DEVICE-XYZ' not found. Available devices: ['Midi Through:Midi Through Port-0 14:0']
== B : baseline  loadavg 0.40
ERROR:subsequence.midi_utils:MIDI output device 'NO-SUCH-DEVICE-XYZ' not found. Available devices: ['Midi Through:Midi Through Port-0 14:0']
== C : baseline --spin-ms 2  loadavg 0.56
ERROR:subsequence.midi_utils:MIDI output device 'NO-SUCH-DEVICE-XYZ' not found. Available devices: ['Midi Through:Midi Through Port-0 14:0']
== C : ws-thread --rate 25 --spin-ms 2  loadavg 0.53
ERROR:subsequence.midi_utils:MIDI output device 'NO-SUCH-DEVICE-XYZ' not found. Available devices: ['Midi Through:Midi Through Port-0 14:0']
== C : ws-coalesce --rate 25 --spin-ms 2  loadavg 0.43
ERROR:subsequence.midi_utils:MIDI output device 'NO-SUCH-DEVICE-XYZ' not found. Available devices: ['Midi Through:Midi Through Port-0 14:0']
== C : ws-thread --rate 50 --spin-ms 2  loadavg 0.36
ERROR:subsequence.midi_utils:MIDI output device 'NO-SUCH-DEVICE-XYZ' not found. Available devices: ['Midi Through:Midi Through Port-0 14:0']
== C : baseline --selector select  loadavg 0.44
ERROR:subsequence.midi_utils:MIDI output device 'NO-SUCH-DEVICE-XYZ' not found. Available devices: ['Midi Through:Midi Through Port-0 14:0']
== C : ws-thread --rate 25 --selector select  loadavg 0.48
ERROR:subsequence.midi_utils:MIDI output device 'NO-SUCH-DEVICE-XYZ' not found. Available devices: ['Midi Through:Midi Through Port-0 14:0']
== C : ws-coalesce --rate 25 --selector select  loadavg 0.57
ERROR:subsequence.midi_utils:MIDI output device 'NO-SUCH-DEVICE-XYZ' not found. Available devices: ['Midi Through:Midi Through Port-0 14:0']
== C : ws-thread --rate 50 --selector select  loadavg 0.37
ERROR:subsequence.midi_utils:MIDI output device 'NO-SUCH-DEVICE-XYZ' not found. Available devices: ['Midi Through:Midi Through Port-0 14:0']
== D : baseline --spin-ms 2  loadavg 0.38
ERROR:subsequence.midi_utils:MIDI output device 'NO-SUCH-DEVICE-XYZ' not found. Available devices: ['Midi Through:Midi Through Port-0 14:0']
== D : ws-thread --rate 25 --spin-ms 2  loadavg 0.44
ERROR:subsequence.midi_utils:MIDI output device 'NO-SUCH-DEVICE-XYZ' not found. Available devices: ['Midi Through:Midi Through Port-0 14:0']
== D : ws-coalesce --rate 25 --spin-ms 2  loadavg 0.43
ERROR:subsequence.midi_utils:MIDI output device 'NO-SUCH-DEVICE-XYZ' not found. Available devices: ['Midi Through:Midi Through Port-0 14:0']
== D : ws-thread --rate 50 --spin-ms 2  loadavg 0.31
ERROR:subsequence.midi_utils:MIDI output device 'NO-SUCH-DEVICE-XYZ' not found. Available devices: ['Midi Through:Midi Through Port-0 14:0']
== D : baseline --selector select  loadavg 0.48
ERROR:subsequence.midi_utils:MIDI output device 'NO-SUCH-DEVICE-XYZ' not found. Available devices: ['Midi Through:Midi Through Port-0 14:0']
== D : ws-thread --rate 25 --selector select  loadavg 0.45
ERROR:subsequence.midi_utils:MIDI output device 'NO-SUCH-DEVICE-XYZ' not found. Available devices: ['Midi Through:Midi Through Port-0 14:0']
== D : ws-coalesce --rate 25 --selector select  loadavg 0.53
ERROR:subsequence.midi_utils:MIDI output device 'NO-SUCH-DEVICE-XYZ' not found. Available devices: ['Midi Through:Midi Through Port-0 14:0']
== D : ws-thread --rate 50 --selector select  loadavg 0.36
ERROR:subsequence.midi_utils:MIDI output device 'NO-SUCH-DEVICE-XYZ' not found. Available devices: ['Midi Through:Midi Through Port-0 14:0']
end 2026-09-03T19:27:41+00:00 loadavg 0.39 0.44 0.94
ALLDONE
