start 2026-09-03T21:32:09+00:00 loadavg 0.57 1.29 2.48 port 9214
== H : baseline  loadavg 0.69  2026-09-03T21:32:09+00:00
ERROR:subsequence.midi_utils:MIDI output device 'NO-SUCH-DEVICE-XYZ' not found. Available devices: ['Midi Through:Midi Through Port-0 14:0']
== H : ws-batch-read --burst 16 --burst-period 1.0  loadavg 0.66  2026-09-03T21:32:46+00:00
ERROR:subsequence.midi_utils:MIDI output device 'NO-SUCH-DEVICE-XYZ' not found. Available devices: ['Midi Through:Midi Through Port-0 14:0']
== H : baseline  loadavg 0.51  2026-09-03T21:33:23+00:00
ERROR:subsequence.midi_utils:MIDI output device 'NO-SUCH-DEVICE-XYZ' not found. Available devices: ['Midi Through:Midi Through Port-0 14:0']
== H : ws-coalesce --burst 16 --burst-period 1.0  loadavg 0.46  2026-09-03T21:33:59+00:00
ERROR:subsequence.midi_utils:MIDI output device 'NO-SUCH-DEVICE-XYZ' not found. Available devices: ['Midi Through:Midi Through Port-0 14:0']
== H : baseline  loadavg 0.28  2026-09-03T21:34:37+00:00
ERROR:subsequence.midi_utils:MIDI output device 'NO-SUCH-DEVICE-XYZ' not found. Available devices: ['Midi Through:Midi Through Port-0 14:0']
== H : ws-thread --burst 128 --burst-period 2.0  loadavg 0.46  2026-09-03T21:35:13+00:00
ERROR:subsequence.midi_utils:MIDI output device 'NO-SUCH-DEVICE-XYZ' not found. Available devices: ['Midi Through:Midi Through Port-0 14:0']
== H : baseline  loadavg 0.44  2026-09-03T21:35:52+00:00
ERROR:subsequence.midi_utils:MIDI output device 'NO-SUCH-DEVICE-XYZ' not found. Available devices: ['Midi Through:Midi Through Port-0 14:0']
== H : ws-coalesce --burst 128 --burst-period 2.0  loadavg 0.68  2026-09-03T21:36:28+00:00
ERROR:subsequence.midi_utils:MIDI output device 'NO-SUCH-DEVICE-XYZ' not found. Available devices: ['Midi Through:Midi Through Port-0 14:0']
== H : baseline  loadavg 0.77  2026-09-03T21:37:06+00:00
ERROR:subsequence.midi_utils:MIDI output device 'NO-SUCH-DEVICE-XYZ' not found. Available devices: ['Midi Through:Midi Through Port-0 14:0']
== H : ws-batch-read --burst 128 --burst-period 2.0  loadavg 0.70  2026-09-03T21:37:43+00:00
ERROR:subsequence.midi_utils:MIDI output device 'NO-SUCH-DEVICE-XYZ' not found. Available devices: ['Midi Through:Midi Through Port-0 14:0']
== H : baseline  loadavg 0.61  2026-09-03T21:38:21+00:00
ERROR:subsequence.midi_utils:MIDI output device 'NO-SUCH-DEVICE-XYZ' not found. Available devices: ['Midi Through:Midi Through Port-0 14:0']
== H : ws-direct --burst 128 --burst-period 2.0  loadavg 0.85  2026-09-03T21:38:57+00:00
ERROR:subsequence.midi_utils:MIDI output device 'NO-SUCH-DEVICE-XYZ' not found. Available devices: ['Midi Through:Midi Through Port-0 14:0']
== H : baseline  loadavg 1.10  2026-09-03T21:39:36+00:00
ERROR:subsequence.midi_utils:MIDI output device 'NO-SUCH-DEVICE-XYZ' not found. Available devices: ['Midi Through:Midi Through Port-0 14:0']
== H : ws-thread --burst 1024 --burst-period 4.0  loadavg 1.10  2026-09-03T21:40:32+00:00
ERROR:subsequence.midi_utils:MIDI output device 'NO-SUCH-DEVICE-XYZ' not found. Available devices: ['Midi Through:Midi Through Port-0 14:0']
== H : baseline  loadavg 1.08  2026-09-03T22:02:51+00:00
ERROR:subsequence.midi_utils:MIDI output device 'NO-SUCH-DEVICE-XYZ' not found. Available devices: ['Midi Through:Midi Through Port-0 14:0']
== H : ws-coalesce --burst 1024 --burst-period 4.0  loadavg 0.75  2026-09-03T22:03:27+00:00
ERROR:subsequence.midi_utils:MIDI output device 'NO-SUCH-DEVICE-XYZ' not found. Available devices: ['Midi Through:Midi Through Port-0 14:0']
== H : baseline  loadavg 0.59  2026-09-03T22:04:06+00:00
ERROR:subsequence.midi_utils:MIDI output device 'NO-SUCH-DEVICE-XYZ' not found. Available devices: ['Midi Through:Midi Through Port-0 14:0']
== H : ws-batch-read --burst 1024 --burst-period 4.0  loadavg 0.64  2026-09-03T22:04:42+00:00
ERROR:subsequence.midi_utils:MIDI output device 'NO-SUCH-DEVICE-XYZ' not found. Available devices: ['Midi Through:Midi Through Port-0 14:0']
== H : baseline  loadavg 0.67  2026-09-03T22:05:21+00:00
ERROR:subsequence.midi_utils:MIDI output device 'NO-SUCH-DEVICE-XYZ' not found. Available devices: ['Midi Through:Midi Through Port-0 14:0']
== H : ws-drain-beat --burst 1024 --burst-period 4.0  loadavg 0.70  2026-09-03T22:05:57+00:00
ERROR:subsequence.midi_utils:MIDI output device 'NO-SUCH-DEVICE-XYZ' not found. Available devices: ['Midi Through:Midi Through Port-0 14:0']
== H : baseline  loadavg 0.56  2026-09-03T22:06:36+00:00
ERROR:subsequence.midi_utils:MIDI output device 'NO-SUCH-DEVICE-XYZ' not found. Available devices: ['Midi Through:Midi Through Port-0 14:0']
== H : ws-direct --burst 1024 --burst-period 4.0  loadavg 0.44  2026-09-03T22:07:12+00:00
ERROR:subsequence.midi_utils:MIDI output device 'NO-SUCH-DEVICE-XYZ' not found. Available devices: ['Midi Through:Midi Through Port-0 14:0']
== H : baseline --spin-ms 2  loadavg 0.53  2026-09-03T22:07:50+00:00
ERROR:subsequence.midi_utils:MIDI output device 'NO-SUCH-DEVICE-XYZ' not found. Available devices: ['Midi Through:Midi Through Port-0 14:0']
== H : ws-coalesce --rate 50 --spin-ms 2  loadavg 0.36  2026-09-03T22:08:27+00:00
ERROR:subsequence.midi_utils:MIDI output device 'NO-SUCH-DEVICE-XYZ' not found. Available devices: ['Midi Through:Midi Through Port-0 14:0']
== H : baseline --selector select  loadavg 0.45  2026-09-03T22:09:04+00:00
ERROR:subsequence.midi_utils:MIDI output device 'NO-SUCH-DEVICE-XYZ' not found. Available devices: ['Midi Through:Midi Through Port-0 14:0']
== H : ws-coalesce --rate 50 --selector select  loadavg 0.49  2026-09-03T22:09:40+00:00
ERROR:subsequence.midi_utils:MIDI output device 'NO-SUCH-DEVICE-XYZ' not found. Available devices: ['Midi Through:Midi Through Port-0 14:0']
end 2026-09-03T22:10:18+00:00 loadavg 0.47 1.52 3.69
ALLDONE
