=== baseline
{"scenario": "baseline", "jitter": {"mean_ms": 0.001, "median_ms": 0.001, "stdev_ms": 0.002, "p95_ms": 0.002, "p99_ms": 0.002, "max_ms": 0.123, "pulses": 3072, "wall_s": 66.2}}
=== websockets/idle-1client
{"scenario": "websockets/idle-1client", "server": {"cpu_mean_pct": 0.51, "cpu_max_pct": 4.0, "rss_max_mb": 27.8}, "load": {"cpu_mean_pct": 0.35, "cpu_max_pct": 4.0, "rss_max_mb": 28.9}, "jitter": {"mean_ms": 0.011, "median_ms": 0.001, "stdev_ms": 0.104, "p95_ms": 0.002, "p99_ms": 0.339, "max_ms": 3.377, "pulses": 3072, "wall_s": 66.3}, "load_stats": {"elapsed": 68.0, "recv": 1352, "sent": 0, "http": 0, "http_err": 0, "recv_per_s": 19.9}}
=== websockets/panel-4clients
{"scenario": "websockets/panel-4clients", "server": {"cpu_mean_pct": 4.81, "cpu_max_pct": 8.0, "rss_max_mb": 29.3}, "load": {"cpu_mean_pct": 3.61, "cpu_max_pct": 6.0, "rss_max_mb": 29.5}, "jitter": {"mean_ms": 0.002, "median_ms": 0.001, "stdev_ms": 0.013, "p95_ms": 0.002, "p99_ms": 0.009, "max_ms": 0.695, "pulses": 3072, "wall_s": 66.3}, "load_stats": {"elapsed": 68.0, "recv": 5320, "sent": 2688, "http": 1358, "http_err": 0, "recv_per_s": 78.2}}
=== websockets/stress-8clients
{"scenario": "websockets/stress-8clients", "server": {"cpu_mean_pct": 16.58, "cpu_max_pct": 26.0, "rss_max_mb": 29.5}, "load": {"cpu_mean_pct": 14.62, "cpu_max_pct": 23.9, "rss_max_mb": 30.0}, "jitter": {"mean_ms": 0.002, "median_ms": 0.001, "stdev_ms": 0.011, "p95_ms": 0.002, "p99_ms": 0.002, "max_ms": 0.575, "pulses": 3072, "wall_s": 66.4}, "load_stats": {"elapsed": 68.0, "recv": 48696, "sent": 10672, "http": 3380, "http_err": 0, "recv_per_s": 716.0}}
=== starlette+uvicorn/idle-1client
{"scenario": "starlette+uvicorn/idle-1client", "server": {"cpu_mean_pct": 0.89, "cpu_max_pct": 4.0, "rss_max_mb": 37.7}, "load": {"cpu_mean_pct": 0.54, "cpu_max_pct": 4.0, "rss_max_mb": 28.9}, "jitter": {"mean_ms": 0.002, "median_ms": 0.002, "stdev_ms": 0.025, "p95_ms": 0.002, "p99_ms": 0.006, "max_ms": 1.384, "pulses": 3072, "wall_s": 66.3}, "load_stats": {"elapsed": 68.0, "recv": 1350, "sent": 0, "http": 0, "http_err": 0, "recv_per_s": 19.8}}
=== starlette+uvicorn/panel-4clients
{"scenario": "starlette+uvicorn/panel-4clients", "server": {"cpu_mean_pct": 8.92, "cpu_max_pct": 14.0, "rss_max_mb": 40.0}, "load": {"cpu_mean_pct": 4.11, "cpu_max_pct": 8.0, "rss_max_mb": 29.6}, "jitter": {"mean_ms": 0.002, "median_ms": 0.002, "stdev_ms": 0.002, "p95_ms": 0.002, "p99_ms": 0.002, "max_ms": 0.055, "pulses": 3072, "wall_s": 66.3}, "load_stats": {"elapsed": 68.0, "recv": 5428, "sent": 2688, "http": 1357, "http_err": 0, "recv_per_s": 79.8}}
=== starlette+uvicorn/stress-8clients
{"scenario": "starlette+uvicorn/stress-8clients", "server": {"cpu_mean_pct": 27.7, "cpu_max_pct": 40.0, "rss_max_mb": 40.5}, "load": {"cpu_mean_pct": 16.22, "cpu_max_pct": 26.0, "rss_max_mb": 29.9}, "jitter": {"mean_ms": 0.002, "median_ms": 0.002, "stdev_ms": 0.003, "p95_ms": 0.002, "p99_ms": 0.01, "max_ms": 0.08, "pulses": 3072, "wall_s": 66.3}, "load_stats": {"elapsed": 68.0, "recv": 52245, "sent": 10664, "http": 3380, "http_err": 0, "recv_per_s": 768.2}}
=== aiohttp/idle-1client
{"scenario": "aiohttp/idle-1client", "server": {"cpu_mean_pct": 0.72, "cpu_max_pct": 2.0, "rss_max_mb": 40.7}, "load": {"cpu_mean_pct": 0.51, "cpu_max_pct": 2.0, "rss_max_mb": 28.9}, "jitter": {"mean_ms": 0.002, "median_ms": 0.002, "stdev_ms": 0.002, "p95_ms": 0.002, "p99_ms": 0.013, "max_ms": 0.048, "pulses": 3072, "wall_s": 66.3}, "load_stats": {"elapsed": 68.0, "recv": 1348, "sent": 0, "http": 0, "http_err": 0, "recv_per_s": 19.8}}
=== aiohttp/panel-4clients
{"scenario": "aiohttp/panel-4clients", "server": {"cpu_mean_pct": 7.35, "cpu_max_pct": 12.0, "rss_max_mb": 41.9}, "load": {"cpu_mean_pct": 3.95, "cpu_max_pct": 8.0, "rss_max_mb": 29.9}, "jitter": {"mean_ms": 0.002, "median_ms": 0.002, "stdev_ms": 0.001, "p95_ms": 0.002, "p99_ms": 0.003, "max_ms": 0.055, "pulses": 3072, "wall_s": 66.3}, "load_stats": {"elapsed": 68.0, "recv": 5316, "sent": 2688, "http": 1357, "http_err": 0, "recv_per_s": 78.2}}
=== aiohttp/stress-8clients
{"scenario": "aiohttp/stress-8clients", "server": {"cpu_mean_pct": 22.03, "cpu_max_pct": 32.0, "rss_max_mb": 43.1}, "load": {"cpu_mean_pct": 14.84, "cpu_max_pct": 22.0, "rss_max_mb": 30.8}, "jitter": {"mean_ms": 0.002, "median_ms": 0.001, "stdev_ms": 0.018, "p95_ms": 0.002, "p99_ms": 0.002, "max_ms": 0.97, "pulses": 3072, "wall_s": 66.3}, "load_stats": {"elapsed": 68.0, "recv": 48840, "sent": 10664, "http": 3378, "http_err": 0, "recv_per_s": 718.1}}
=== quart+hypercorn/idle-1client
{"scenario": "quart+hypercorn/idle-1client", "server": {"cpu_mean_pct": 1.07, "cpu_max_pct": 4.0, "rss_max_mb": 42.9}, "load": {"cpu_mean_pct": 0.56, "cpu_max_pct": 4.0, "rss_max_mb": 29.0}, "jitter": {"mean_ms": 0.003, "median_ms": 0.002, "stdev_ms": 0.042, "p95_ms": 0.005, "p99_ms": 0.014, "max_ms": 1.869, "pulses": 3072, "wall_s": 66.3}, "load_stats": {"elapsed": 68.0, "recv": 1343, "sent": 0, "http": 0, "http_err": 0, "recv_per_s": 19.7}}
=== quart+hypercorn/panel-4clients
{"scenario": "quart+hypercorn/panel-4clients", "server": {"cpu_mean_pct": 40.0, "cpu_max_pct": 63.9, "rss_max_mb": 45.6}, "load": {"cpu_mean_pct": 6.0, "cpu_max_pct": 10.0, "rss_max_mb": 29.7}, "jitter": {"mean_ms": 0.001, "median_ms": 0.001, "stdev_ms": 0.002, "p95_ms": 0.002, "p99_ms": 0.002, "max_ms": 0.076, "pulses": 3072, "wall_s": 66.3}, "load_stats": {"elapsed": 68.0, "recv": 5372, "sent": 2692, "http": 1357, "http_err": 0, "recv_per_s": 79.0}}
=== quart+hypercorn/stress-8clients
{"scenario": "quart+hypercorn/stress-8clients", "server": {"cpu_mean_pct": 50.54, "cpu_max_pct": 74.0, "rss_max_mb": 48.7}, "load": {"cpu_mean_pct": 11.02, "cpu_max_pct": 18.0, "rss_max_mb": 30.9}, "jitter": {"mean_ms": 0.003, "median_ms": 0.001, "stdev_ms": 0.062, "p95_ms": 0.001, "p99_ms": 0.002, "max_ms": 2.796, "pulses": 3072, "wall_s": 66.3}, "load_stats": {"elapsed": 68.0, "recv": 51896, "sent": 10704, "http": 3295, "http_err": 0, "recv_per_s": 763.0}}
=== fastapi+uvicorn/panel-4clients
{"scenario": "fastapi+uvicorn/panel-4clients", "server": {"cpu_mean_pct": 8.72, "cpu_max_pct": 14.0, "rss_max_mb": 52.9}, "load": {"cpu_mean_pct": 3.97, "cpu_max_pct": 8.0, "rss_max_mb": 29.6}, "jitter": {"mean_ms": 0.002, "median_ms": 0.002, "stdev_ms": 0.032, "p95_ms": 0.002, "p99_ms": 0.003, "max_ms": 1.615, "pulses": 3072, "wall_s": 66.3}, "load_stats": {"elapsed": 68.0, "recv": 5428, "sent": 2688, "http": 1357, "http_err": 0, "recv_per_s": 79.8}}
=== hostile-all-cores-busy
{"scenario": "hostile-all-cores-busy", "jitter": {"mean_ms": 0.419, "median_ms": 0.001, "stdev_ms": 0.94, "p95_ms": 2.298, "p99_ms": 3.487, "max_ms": 18.913, "pulses": 3072, "wall_s": 66.5}}
=== baseline-repeat
{"scenario": "baseline-repeat", "jitter": {"mean_ms": 0.001, "median_ms": 0.001, "stdev_ms": 0.029, "p95_ms": 0.001, "p99_ms": 0.001, "max_ms": 1.585, "pulses": 3072, "wall_s": 66.3}}
DONE
driver exit 0
